0 verbose cli /data/data/com.termux/files/usr/bin/node /data/data/com.termux/files/usr/bin/npm
1 info using npm@11.17.0
2 info using node@v26.3.1
3 silly config load:file:/data/data/com.termux/files/usr/lib/node_modules/npm/npmrc
4 silly config load:file:/data/data/com.termux/files/home/NEXUS-VOID/.npmrc
5 silly config load:file:/data/data/com.termux/files/home/.npmrc
6 silly config load:file:/data/data/com.termux/files/usr/etc/npmrc
7 verbose title npm install express
8 verbose argv "install" "express"
9 verbose logfile logs-max:10 dir:/data/data/com.termux/files/home/.npm/_logs/2026-08-14T11_57_50_029Z-
10 verbose logfile /data/data/com.termux/files/home/.npm/_logs/2026-08-14T11_57_50_029Z-debug-0.log
11 silly logfile done cleaning log files
12 silly packumentCache heap:843317248 maxSize:210829312 maxEntrySize:105414656
13 silly idealTree buildDeps
14 silly fetch manifest express@^4.18.2
15 silly packumentCache full:https://registry.npmjs.org/express cache-miss
16 http fetch GET 200 https://registry.npmjs.org/npm 2168ms
17 http fetch GET 200 https://registry.npmjs.org/express 3382ms (cache miss)
18 silly packumentCache full:https://registry.npmjs.org/express set size:undefined disposed:false
19 silly placeDep ROOT express@4.22.2 OK for: nexus-void@1.0.0 want: ^4.18.2
20 silly fetch manifest qs@~6.15.1
21 silly packumentCache full:https://registry.npmjs.org/qs cache-miss
22 silly fetch manifest depd@2.0.0
23 silly packumentCache full:https://registry.npmjs.org/depd cache-miss
24 silly fetch manifest etag@~1.8.1
25 silly packumentCache full:https://registry.npmjs.org/etag cache-miss
26 http fetch GET 200 https://registry.npmjs.org/qs 615ms (cache miss)
27 silly packumentCache full:https://registry.npmjs.org/qs set size:undefined disposed:false
28 silly fetch manifest send@~0.19.0
29 silly packumentCache full:https://registry.npmjs.org/send cache-miss
30 http fetch GET 200 https://registry.npmjs.org/depd 923ms (cache miss)
31 silly packumentCache full:https://registry.npmjs.org/depd set size:undefined disposed:false
32 silly fetch manifest vary@~1.1.2
33 silly packumentCache full:https://registry.npmjs.org/vary cache-miss
34 http fetch GET 200 https://registry.npmjs.org/vary 136ms (cache miss)
35 silly packumentCache full:https://registry.npmjs.org/vary set size:undefined disposed:false
36 silly fetch manifest debug@2.6.9
37 silly packumentCache full:https://registry.npmjs.org/debug cache-miss
38 http fetch GET 200 https://registry.npmjs.org/etag 1109ms (cache miss)
39 silly packumentCache full:https://registry.npmjs.org/etag set size:undefined disposed:false
40 silly fetch manifest fresh@~0.5.2
41 silly packumentCache full:https://registry.npmjs.org/fresh cache-miss
42 http fetch GET 200 https://registry.npmjs.org/fresh 387ms (cache miss)
43 silly packumentCache full:https://registry.npmjs.org/fresh set size:undefined disposed:false
44 silly fetch manifest cookie@~0.7.1
45 silly packumentCache full:https://registry.npmjs.org/cookie cache-miss
46 http fetch GET 200 https://registry.npmjs.org/send 908ms (cache miss)
47 silly packumentCache full:https://registry.npmjs.org/send set size:undefined disposed:false
48 silly fetch manifest accepts@~1.3.8
49 silly packumentCache full:https://registry.npmjs.org/accepts cache-miss
50 http fetch GET 200 https://registry.npmjs.org/debug 541ms (cache miss)
51 silly packumentCache full:https://registry.npmjs.org/debug set size:undefined disposed:false
52 silly fetch manifest methods@~1.1.2
53 silly packumentCache full:https://registry.npmjs.org/methods cache-miss
54 http fetch GET 200 https://registry.npmjs.org/cookie 388ms (cache miss)
55 silly packumentCache full:https://registry.npmjs.org/cookie set size:undefined disposed:false
56 silly fetch manifest type-is@~1.6.18
57 silly packumentCache full:https://registry.npmjs.org/type-is cache-miss
58 http fetch GET 200 https://registry.npmjs.org/methods 346ms (cache miss)
59 silly packumentCache full:https://registry.npmjs.org/methods set size:undefined disposed:false
60 silly fetch manifest parseurl@~1.3.3
61 silly packumentCache full:https://registry.npmjs.org/parseurl cache-miss
62 http fetch GET 200 https://registry.npmjs.org/parseurl 551ms (cache miss)
63 silly packumentCache full:https://registry.npmjs.org/parseurl set size:undefined disposed:false
64 silly fetch manifest statuses@~2.0.1
65 silly packumentCache full:https://registry.npmjs.org/statuses cache-miss
66 http fetch GET 200 https://registry.npmjs.org/type-is 656ms (cache miss)
67 silly packumentCache full:https://registry.npmjs.org/type-is set size:undefined disposed:false
68 silly fetch manifest encodeurl@~2.0.0
69 silly packumentCache full:https://registry.npmjs.org/encodeurl cache-miss
70 http fetch GET 200 https://registry.npmjs.org/statuses 427ms (cache miss)
71 silly packumentCache full:https://registry.npmjs.org/statuses set size:undefined disposed:false
72 silly fetch manifest proxy-addr@~2.0.7
73 silly packumentCache full:https://registry.npmjs.org/proxy-addr cache-miss
74 http fetch GET 200 https://registry.npmjs.org/proxy-addr 359ms (cache miss)
75 silly packumentCache full:https://registry.npmjs.org/proxy-addr set size:undefined disposed:false
76 silly fetch manifest body-parser@~1.20.5
77 silly packumentCache full:https://registry.npmjs.org/body-parser cache-miss
78 http fetch GET 200 https://registry.npmjs.org/accepts 1877ms (cache miss)
79 silly packumentCache full:https://registry.npmjs.org/accepts set size:undefined disposed:false
80 silly fetch manifest escape-html@~1.0.3
81 silly packumentCache full:https://registry.npmjs.org/escape-html cache-miss
82 http fetch GET 200 https://registry.npmjs.org/encodeurl 881ms (cache miss)
83 silly packumentCache full:https://registry.npmjs.org/encodeurl set size:undefined disposed:false
84 silly fetch manifest http-errors@~2.0.0
85 silly packumentCache full:https://registry.npmjs.org/http-errors cache-miss
86 http fetch GET 200 https://registry.npmjs.org/http-errors 372ms (cache miss)
87 silly packumentCache full:https://registry.npmjs.org/http-errors set size:undefined disposed:false
88 silly fetch manifest on-finished@~2.4.1
89 silly packumentCache full:https://registry.npmjs.org/on-finished cache-miss
90 http fetch GET 200 https://registry.npmjs.org/on-finished 493ms (cache miss)
91 silly packumentCache full:https://registry.npmjs.org/on-finished set size:undefined disposed:false
92 silly fetch manifest safe-buffer@5.2.1
93 silly packumentCache full:https://registry.npmjs.org/safe-buffer cache-miss
94 http fetch GET 200 https://registry.npmjs.org/escape-html 992ms (cache miss)
95 silly packumentCache full:https://registry.npmjs.org/escape-html set size:undefined disposed:false
96 silly fetch manifest utils-merge@1.0.1
97 silly packumentCache full:https://registry.npmjs.org/utils-merge cache-miss
98 http fetch GET 200 https://registry.npmjs.org/safe-buffer 113ms (cache miss)
99 silly packumentCache full:https://registry.npmjs.org/safe-buffer set size:undefined disposed:false
100 silly fetch manifest content-type@~1.0.4
101 silly packumentCache full:https://registry.npmjs.org/content-type cache-miss
102 http fetch GET 200 https://registry.npmjs.org/body-parser 1191ms (cache miss)
103 silly packumentCache full:https://registry.npmjs.org/body-parser set size:undefined disposed:false
104 silly fetch manifest finalhandler@~1.3.1
105 silly packumentCache full:https://registry.npmjs.org/finalhandler cache-miss
106 http fetch GET 200 https://registry.npmjs.org/utils-merge 381ms (cache miss)
107 silly packumentCache full:https://registry.npmjs.org/utils-merge set size:undefined disposed:false
108 silly fetch manifest range-parser@~1.2.1
109 silly packumentCache full:https://registry.npmjs.org/range-parser cache-miss
110 http fetch GET 200 https://registry.npmjs.org/finalhandler 930ms (cache miss)
111 silly packumentCache full:https://registry.npmjs.org/finalhandler set size:undefined disposed:false
112 silly fetch manifest serve-static@~1.16.2
113 silly packumentCache full:https://registry.npmjs.org/serve-static cache-miss
114 http fetch GET 200 https://registry.npmjs.org/range-parser 1510ms (cache miss)
115 silly packumentCache full:https://registry.npmjs.org/range-parser set size:undefined disposed:false
116 silly fetch manifest array-flatten@1.1.1
117 silly packumentCache full:https://registry.npmjs.org/array-flatten cache-miss
118 http fetch GET 200 https://registry.npmjs.org/content-type 3205ms (cache miss)
119 silly packumentCache full:https://registry.npmjs.org/content-type set size:undefined disposed:false
120 silly fetch manifest path-to-regexp@~0.1.12
121 silly packumentCache full:https://registry.npmjs.org/path-to-regexp cache-miss
122 http fetch GET 200 https://registry.npmjs.org/array-flatten 5906ms (cache miss)
123 silly packumentCache full:https://registry.npmjs.org/array-flatten set size:24005 disposed:false
124 silly fetch manifest setprototypeof@1.2.0
125 silly packumentCache full:https://registry.npmjs.org/setprototypeof cache-miss
126 http fetch GET 200 https://registry.npmjs.org/serve-static 6938ms (cache miss)
127 silly packumentCache full:https://registry.npmjs.org/serve-static set size:150391 disposed:false
128 silly fetch manifest cookie-signature@~1.0.6
129 silly packumentCache full:https://registry.npmjs.org/cookie-signature cache-miss
130 http fetch GET 200 https://registry.npmjs.org/setprototypeof 546ms (cache miss)
131 silly packumentCache full:https://registry.npmjs.org/setprototypeof set size:undefined disposed:false
132 silly fetch manifest merge-descriptors@1.0.3
133 silly packumentCache full:https://registry.npmjs.org/merge-descriptors cache-miss
134 http fetch GET 200 https://registry.npmjs.org/cookie-signature 669ms (cache miss)
135 silly packumentCache full:https://registry.npmjs.org/cookie-signature set size:undefined disposed:false
136 silly fetch manifest content-disposition@~0.5.4
137 silly packumentCache full:https://registry.npmjs.org/content-disposition cache-miss
138 http fetch GET 200 https://registry.npmjs.org/merge-descriptors 416ms (cache miss)
139 silly packumentCache full:https://registry.npmjs.org/merge-descriptors set size:undefined disposed:false
140 http fetch GET 200 https://registry.npmjs.org/path-to-regexp 5585ms (cache miss)
141 silly packumentCache full:https://registry.npmjs.org/path-to-regexp set size:undefined disposed:false
142 http fetch GET 200 https://registry.npmjs.org/content-disposition 111ms (cache miss)
143 silly packumentCache full:https://registry.npmjs.org/content-disposition set size:undefined disposed:false
144 silly placeDep ROOT accepts@1.3.8 OK for: express@4.22.2 want: ~1.3.8
145 silly placeDep ROOT array-flatten@1.1.1 OK for: express@4.22.2 want: 1.1.1
146 silly placeDep ROOT body-parser@1.20.6 OK for: express@4.22.2 want: ~1.20.5
147 silly placeDep ROOT content-disposition@0.5.4 OK for: express@4.22.2 want: ~0.5.4
148 silly placeDep ROOT content-type@1.0.5 OK for: express@4.22.2 want: ~1.0.4
149 silly placeDep ROOT cookie@0.7.2 OK for: express@4.22.2 want: ~0.7.1
150 silly placeDep ROOT cookie-signature@1.0.7 OK for: express@4.22.2 want: ~1.0.6
151 silly placeDep ROOT debug@2.6.9 OK for: express@4.22.2 want: 2.6.9
152 silly placeDep ROOT depd@2.0.0 OK for: express@4.22.2 want: 2.0.0
153 silly placeDep ROOT encodeurl@2.0.0 OK for: express@4.22.2 want: ~2.0.0
154 silly placeDep ROOT escape-html@1.0.3 OK for: express@4.22.2 want: ~1.0.3
155 silly placeDep ROOT etag@1.8.1 OK for: express@4.22.2 want: ~1.8.1
156 silly placeDep ROOT finalhandler@1.3.2 OK for: express@4.22.2 want: ~1.3.1
157 silly placeDep ROOT fresh@0.5.2 OK for: express@4.22.2 want: ~0.5.2
158 silly placeDep ROOT http-errors@2.0.1 OK for: express@4.22.2 want: ~2.0.0
159 silly placeDep ROOT merge-descriptors@1.0.3 OK for: express@4.22.2 want: 1.0.3
160 silly placeDep ROOT methods@1.1.2 OK for: express@4.22.2 want: ~1.1.2
161 silly placeDep ROOT on-finished@2.4.1 OK for: express@4.22.2 want: ~2.4.1
162 silly placeDep ROOT parseurl@1.3.3 OK for: express@4.22.2 want: ~1.3.3
163 silly placeDep ROOT path-to-regexp@0.1.13 OK for: express@4.22.2 want: ~0.1.12
164 silly placeDep ROOT proxy-addr@2.0.7 OK for: express@4.22.2 want: ~2.0.7
165 silly placeDep ROOT qs@6.15.3 OK for: express@4.22.2 want: ~6.15.1
166 silly placeDep ROOT range-parser@1.2.1 OK for: express@4.22.2 want: ~1.2.1
167 silly placeDep ROOT safe-buffer@5.2.1 OK for: express@4.22.2 want: 5.2.1
168 silly placeDep ROOT send@0.19.2 OK for: express@4.22.2 want: ~0.19.0
169 silly placeDep ROOT serve-static@1.16.3 OK for: express@4.22.2 want: ~1.16.2
170 silly placeDep ROOT setprototypeof@1.2.0 OK for: express@4.22.2 want: 1.2.0
171 silly placeDep ROOT statuses@2.0.2 OK for: express@4.22.2 want: ~2.0.1
172 silly placeDep ROOT type-is@1.6.18 OK for: express@4.22.2 want: ~1.6.18
173 silly placeDep ROOT utils-merge@1.0.1 OK for: express@4.22.2 want: 1.0.1
174 silly placeDep ROOT vary@1.1.2 OK for: express@4.22.2 want: ~1.1.2
175 silly fetch manifest mime-types@~2.1.34
176 silly packumentCache full:https://registry.npmjs.org/mime-types cache-miss
177 silly fetch manifest negotiator@0.6.3
178 silly packumentCache full:https://registry.npmjs.org/negotiator cache-miss
179 silly fetch manifest bytes@~3.1.2
180 silly packumentCache full:https://registry.npmjs.org/bytes cache-miss
181 http fetch GET 200 https://registry.npmjs.org/mime-types 458ms (cache miss)
182 silly packumentCache full:https://registry.npmjs.org/mime-types set size:undefined disposed:false
183 silly fetch manifest unpipe@~1.0.0
184 silly packumentCache full:https://registry.npmjs.org/unpipe cache-miss
185 http fetch GET 200 https://registry.npmjs.org/bytes 488ms (cache miss)
186 silly packumentCache full:https://registry.npmjs.org/bytes set size:undefined disposed:false
187 silly fetch manifest destroy@~1.2.0
188 silly packumentCache full:https://registry.npmjs.org/destroy cache-miss
189 http fetch GET 200 https://registry.npmjs.org/negotiator 537ms (cache miss)
190 silly packumentCache full:https://registry.npmjs.org/negotiator set size:undefined disposed:false
191 silly fetch manifest raw-body@~2.5.3
192 silly packumentCache full:https://registry.npmjs.org/raw-body cache-miss
193 http fetch GET 200 https://registry.npmjs.org/destroy 581ms (cache miss)
194 silly packumentCache full:https://registry.npmjs.org/destroy set size:undefined disposed:false
195 silly fetch manifest iconv-lite@~0.4.24
196 silly packumentCache full:https://registry.npmjs.org/iconv-lite cache-miss
197 http fetch GET 200 https://registry.npmjs.org/raw-body 585ms (cache miss)
198 silly packumentCache full:https://registry.npmjs.org/raw-body set size:undefined disposed:false
199 silly fetch manifest http-errors@~2.0.1
200 silly packumentCache full:https://registry.npmjs.org/http-errors cache-miss
201 http cache https://registry.npmjs.org/http-errors 59ms (cache hit)
202 silly packumentCache full:https://registry.npmjs.org/http-errors set size:71987 disposed:false
203 silly fetch manifest content-type@~1.0.5
204 silly packumentCache full:https://registry.npmjs.org/content-type cache-miss
205 http cache https://registry.npmjs.org/content-type 14ms (cache hit)
206 silly packumentCache full:https://registry.npmjs.org/content-type set size:21479 disposed:false
207 silly fetch manifest ms@2.0.0
208 silly packumentCache full:https://registry.npmjs.org/ms cache-miss
209 http fetch GET 200 https://registry.npmjs.org/unpipe 831ms (cache miss)
210 silly packumentCache full:https://registry.npmjs.org/unpipe set size:undefined disposed:false
211 silly fetch manifest statuses@~2.0.2
212 silly packumentCache full:https://registry.npmjs.org/statuses cache-miss
213 http cache https://registry.npmjs.org/statuses 27ms (cache hit)
214 silly packumentCache full:https://registry.npmjs.org/statuses set size:37117 disposed:false
215 silly fetch manifest inherits@~2.0.4
216 silly packumentCache full:https://registry.npmjs.org/inherits cache-miss
217 http fetch GET 200 https://registry.npmjs.org/inherits 395ms (cache miss)
218 silly packumentCache full:https://registry.npmjs.org/inherits set size:undefined disposed:false
219 silly fetch manifest setprototypeof@~1.2.0
220 silly packumentCache full:https://registry.npmjs.org/setprototypeof cache-miss
221 http cache https://registry.npmjs.org/setprototypeof 19ms (cache hit)
222 silly packumentCache full:https://registry.npmjs.org/setprototypeof set size:14532 disposed:false
223 silly fetch manifest toidentifier@~1.0.1
224 silly packumentCache full:https://registry.npmjs.org/toidentifier cache-miss
225 http fetch GET 200 https://registry.npmjs.org/ms 588ms (cache miss)
226 silly packumentCache full:https://registry.npmjs.org/ms set size:undefined disposed:false
227 silly fetch manifest ee-first@1.1.1
228 silly packumentCache full:https://registry.npmjs.org/ee-first cache-miss
229 http fetch GET 200 https://registry.npmjs.org/iconv-lite 1088ms (cache miss)
230 silly packumentCache full:https://registry.npmjs.org/iconv-lite set size:undefined disposed:false
231 silly fetch manifest forwarded@0.2.0
232 silly packumentCache full:https://registry.npmjs.org/forwarded cache-miss
233 http fetch GET 200 https://registry.npmjs.org/toidentifier 447ms (cache miss)
234 silly packumentCache full:https://registry.npmjs.org/toidentifier set size:undefined disposed:false
235 silly fetch manifest ipaddr.js@1.9.1
236 silly packumentCache full:https://registry.npmjs.org/ipaddr.js cache-miss
237 http fetch GET 200 https://registry.npmjs.org/ee-first 404ms (cache miss)
238 silly packumentCache full:https://registry.npmjs.org/ee-first set size:undefined disposed:false
239 silly fetch manifest side-channel@^1.1.1
240 silly packumentCache full:https://registry.npmjs.org/side-channel cache-miss
241 http fetch GET 200 https://registry.npmjs.org/side-channel 498ms (cache miss)
242 silly packumentCache full:https://registry.npmjs.org/side-channel set size:undefined disposed:false
243 silly fetch manifest es-define-property@^1.0.1
244 silly packumentCache full:https://registry.npmjs.org/es-define-property cache-miss
245 http fetch GET 200 https://registry.npmjs.org/forwarded 586ms (cache miss)
246 silly packumentCache full:https://registry.npmjs.org/forwarded set size:undefined disposed:false
247 silly fetch manifest ms@2.1.3
248 silly packumentCache full:https://registry.npmjs.org/ms cache-miss
249 http cache https://registry.npmjs.org/ms 39ms (cache hit)
250 silly packumentCache full:https://registry.npmjs.org/ms set size:92208 disposed:false
251 silly fetch manifest mime@1.6.0
252 silly packumentCache full:https://registry.npmjs.org/mime cache-miss
253 http fetch GET 200 https://registry.npmjs.org/ipaddr.js 627ms (cache miss)
254 silly packumentCache full:https://registry.npmjs.org/ipaddr.js set size:undefined disposed:false
255 silly fetch manifest destroy@1.2.0
256 silly packumentCache full:https://registry.npmjs.org/destroy cache-miss
257 http cache https://registry.npmjs.org/destroy 38ms (cache hit)
258 silly packumentCache full:https://registry.npmjs.org/destroy set size:15738 disposed:false
259 silly fetch manifest mime-types@~2.1.24
260 silly packumentCache full:https://registry.npmjs.org/mime-types cache-miss
261 http cache https://registry.npmjs.org/mime-types 12ms (cache hit)
262 silly packumentCache full:https://registry.npmjs.org/mime-types set size:139110 disposed:false
263 silly fetch manifest media-typer@0.3.0
264 silly packumentCache full:https://registry.npmjs.org/media-typer cache-miss
265 http fetch GET 200 https://registry.npmjs.org/media-typer 365ms (cache miss)
266 silly packumentCache full:https://registry.npmjs.org/media-typer set size:undefined disposed:false
267 http fetch GET 200 https://registry.npmjs.org/mime 508ms (cache miss)
268 silly packumentCache full:https://registry.npmjs.org/mime set size:undefined disposed:false
269 http fetch GET 200 https://registry.npmjs.org/es-define-property 688ms (cache miss)
270 silly packumentCache full:https://registry.npmjs.org/es-define-property set size:undefined disposed:false
271 silly placeDep ROOT mime-types@2.1.35 OK for: accepts@1.3.8 want: ~2.1.34
272 silly placeDep ROOT negotiator@0.6.3 OK for: accepts@1.3.8 want: 0.6.3
273 silly fetch manifest mime-db@1.52.0
274 silly packumentCache full:https://registry.npmjs.org/mime-db cache-miss
275 http fetch GET 200 https://registry.npmjs.org/mime-db 1780ms (cache miss)
276 silly packumentCache full:https://registry.npmjs.org/mime-db set size:undefined disposed:false
277 silly placeDep ROOT bytes@3.1.2 OK for: body-parser@1.20.6 want: ~3.1.2
278 silly placeDep ROOT destroy@1.2.0 OK for: body-parser@1.20.6 want: ~1.2.0
279 silly placeDep ROOT iconv-lite@0.4.24 OK for: body-parser@1.20.6 want: ~0.4.24
280 silly placeDep ROOT raw-body@2.5.3 OK for: body-parser@1.20.6 want: ~2.5.3
281 silly placeDep ROOT unpipe@1.0.0 OK for: body-parser@1.20.6 want: ~1.0.0
282 silly fetch manifest safer-buffer@>= 2.1.2 < 3
283 silly packumentCache full:https://registry.npmjs.org/safer-buffer cache-miss
284 http fetch GET 200 https://registry.npmjs.org/safer-buffer 442ms (cache miss)
285 silly packumentCache full:https://registry.npmjs.org/safer-buffer set size:undefined disposed:false
286 silly placeDep ROOT ms@2.0.0 OK for: debug@2.6.9 want: 2.0.0
287 silly placeDep ROOT inherits@2.0.4 OK for: http-errors@2.0.1 want: ~2.0.4
288 silly placeDep ROOT toidentifier@1.0.1 OK for: http-errors@2.0.1 want: ~1.0.1
289 silly placeDep ROOT safer-buffer@2.1.2 OK for: iconv-lite@0.4.24 want: >= 2.1.2 < 3
290 silly placeDep ROOT mime-db@1.52.0 OK for: mime-types@2.1.35 want: 1.52.0
291 silly placeDep ROOT ee-first@1.1.1 OK for: on-finished@2.4.1 want: 1.1.1
292 silly placeDep ROOT forwarded@0.2.0 OK for: proxy-addr@2.0.7 want: 0.2.0
293 silly placeDep ROOT ipaddr.js@1.9.1 OK for: proxy-addr@2.0.7 want: 1.9.1
294 silly placeDep ROOT es-define-property@1.0.1 OK for: qs@6.15.3 want: ^1.0.1
295 silly placeDep ROOT side-channel@1.1.1 OK for: qs@6.15.3 want: ^1.1.1
296 silly fetch manifest es-errors@^1.3.0
297 silly packumentCache full:https://registry.npmjs.org/es-errors cache-miss
298 silly fetch manifest object-inspect@^1.13.4
299 silly packumentCache full:https://registry.npmjs.org/object-inspect cache-miss
300 silly fetch manifest side-channel-list@^1.0.1
301 silly packumentCache full:https://registry.npmjs.org/side-channel-list cache-miss
302 http fetch GET 200 https://registry.npmjs.org/es-errors 703ms (cache miss)
303 silly packumentCache full:https://registry.npmjs.org/es-errors set size:undefined disposed:false
304 silly fetch manifest side-channel-map@^1.0.1
305 silly packumentCache full:https://registry.npmjs.org/side-channel-map cache-miss
306 http fetch GET 200 https://registry.npmjs.org/side-channel-list 712ms (cache miss)
307 silly packumentCache full:https://registry.npmjs.org/side-channel-list set size:undefined disposed:false
308 silly fetch manifest side-channel-weakmap@^1.0.2
309 silly packumentCache full:https://registry.npmjs.org/side-channel-weakmap cache-miss
310 http fetch GET 200 https://registry.npmjs.org/object-inspect 742ms (cache miss)
311 silly packumentCache full:https://registry.npmjs.org/object-inspect set size:undefined disposed:false
312 http fetch GET 200 https://registry.npmjs.org/side-channel-weakmap 532ms (cache miss)
313 silly packumentCache full:https://registry.npmjs.org/side-channel-weakmap set size:undefined disposed:false
314 http fetch GET 200 https://registry.npmjs.org/side-channel-map 583ms (cache miss)
315 silly packumentCache full:https://registry.npmjs.org/side-channel-map set size:undefined disposed:false
316 silly placeDep ROOT mime@1.6.0 OK for: send@0.19.2 want: 1.6.0
317 silly placeDep node_modules/send ms@2.1.3 OK for: send@0.19.2 want: 2.1.3
318 silly placeDep ROOT es-errors@1.3.0 OK for: side-channel@1.1.1 want: ^1.3.0
319 silly placeDep ROOT object-inspect@1.13.4 OK for: side-channel@1.1.1 want: ^1.13.4
320 silly placeDep ROOT side-channel-list@1.0.1 OK for: side-channel@1.1.1 want: ^1.0.1
321 silly placeDep ROOT side-channel-map@1.0.1 OK for: side-channel@1.1.1 want: ^1.0.1
322 silly placeDep ROOT side-channel-weakmap@1.0.2 OK for: side-channel@1.1.1 want: ^1.0.2
323 silly fetch manifest call-bound@^1.0.2
324 silly packumentCache full:https://registry.npmjs.org/call-bound cache-miss
325 silly fetch manifest get-intrinsic@^1.2.5
326 silly packumentCache full:https://registry.npmjs.org/get-intrinsic cache-miss
327 silly fetch manifest call-bound@^1.0.2
328 silly packumentCache full:https://registry.npmjs.org/call-bound cache-miss
329 http fetch GET 200 https://registry.npmjs.org/call-bound 536ms (cache miss)
330 silly packumentCache full:https://registry.npmjs.org/call-bound set size:undefined disposed:false
331 silly fetch manifest get-intrinsic@^1.2.5
332 silly packumentCache full:https://registry.npmjs.org/get-intrinsic cache-miss
333 http fetch GET 200 https://registry.npmjs.org/call-bound 577ms (cache miss)
334 silly packumentCache full:https://registry.npmjs.org/call-bound set size:undefined disposed:false
335 http fetch GET 200 https://registry.npmjs.org/get-intrinsic 580ms (cache miss)
336 silly packumentCache full:https://registry.npmjs.org/get-intrinsic set size:undefined disposed:false
337 http fetch GET 200 https://registry.npmjs.org/get-intrinsic 492ms (cache miss)
338 silly packumentCache full:https://registry.npmjs.org/get-intrinsic set size:undefined disposed:false
339 silly placeDep ROOT call-bound@1.0.4 OK for: side-channel-map@1.0.1 want: ^1.0.2
340 silly placeDep ROOT get-intrinsic@1.3.0 OK for: side-channel-map@1.0.1 want: ^1.2.5
341 silly fetch manifest call-bind-apply-helpers@^1.0.2
342 silly packumentCache full:https://registry.npmjs.org/call-bind-apply-helpers cache-miss
343 silly fetch manifest get-intrinsic@^1.3.0
344 silly packumentCache full:https://registry.npmjs.org/get-intrinsic cache-miss
345 silly fetch manifest gopd@^1.2.0
346 silly packumentCache full:https://registry.npmjs.org/gopd cache-miss
347 http cache https://registry.npmjs.org/get-intrinsic 33ms (cache hit)
348 silly packumentCache full:https://registry.npmjs.org/get-intrinsic set size:60985 disposed:false
349 silly fetch manifest hasown@^2.0.2
350 silly packumentCache full:https://registry.npmjs.org/hasown cache-miss
351 http fetch GET 200 https://registry.npmjs.org/call-bind-apply-helpers 328ms (cache miss)
352 silly packumentCache full:https://registry.npmjs.org/call-bind-apply-helpers set size:undefined disposed:false
353 silly fetch manifest get-proto@^1.0.1
354 silly packumentCache full:https://registry.npmjs.org/get-proto cache-miss
355 http fetch GET 200 https://registry.npmjs.org/get-proto 485ms (cache miss)
356 silly packumentCache full:https://registry.npmjs.org/get-proto set size:undefined disposed:false
357 silly fetch manifest has-symbols@^1.1.0
358 silly packumentCache full:https://registry.npmjs.org/has-symbols cache-miss
359 http fetch GET 200 https://registry.npmjs.org/gopd 880ms (cache miss)
360 silly packumentCache full:https://registry.npmjs.org/gopd set size:undefined disposed:false
361 silly fetch manifest function-bind@^1.1.2
362 silly packumentCache full:https://registry.npmjs.org/function-bind cache-miss
363 http fetch GET 200 https://registry.npmjs.org/hasown 858ms (cache miss)
364 silly packumentCache full:https://registry.npmjs.org/hasown set size:undefined disposed:false
365 silly fetch manifest es-object-atoms@^1.1.1
366 silly packumentCache full:https://registry.npmjs.org/es-object-atoms cache-miss
367 http fetch GET 200 https://registry.npmjs.org/has-symbols 365ms (cache miss)
368 silly packumentCache full:https://registry.npmjs.org/has-symbols set size:undefined disposed:false
369 silly fetch manifest math-intrinsics@^1.1.0
370 silly packumentCache full:https://registry.npmjs.org/math-intrinsics cache-miss
371 http fetch GET 200 https://registry.npmjs.org/es-object-atoms 722ms (cache miss)
372 silly packumentCache full:https://registry.npmjs.org/es-object-atoms set size:undefined disposed:false
373 http fetch GET 200 https://registry.npmjs.org/function-bind 772ms (cache miss)
374 silly packumentCache full:https://registry.npmjs.org/function-bind set size:undefined disposed:false
375 http fetch GET 200 https://registry.npmjs.org/math-intrinsics 578ms (cache miss)
376 silly packumentCache full:https://registry.npmjs.org/math-intrinsics set size:undefined disposed:false
377 silly placeDep ROOT call-bind-apply-helpers@1.0.2 OK for: call-bound@1.0.4 want: ^1.0.2
378 silly placeDep ROOT function-bind@1.1.2 OK for: call-bind-apply-helpers@1.0.2 want: ^1.1.2
379 silly placeDep ROOT es-object-atoms@1.1.2 OK for: get-intrinsic@1.3.0 want: ^1.1.1
380 silly placeDep ROOT get-proto@1.0.1 OK for: get-intrinsic@1.3.0 want: ^1.0.1
381 silly placeDep ROOT gopd@1.2.0 OK for: get-intrinsic@1.3.0 want: ^1.2.0
382 silly placeDep ROOT has-symbols@1.1.0 OK for: get-intrinsic@1.3.0 want: ^1.1.0
383 silly placeDep ROOT hasown@2.0.4 OK for: get-intrinsic@1.3.0 want: ^2.0.2
384 silly placeDep ROOT math-intrinsics@1.1.0 OK for: get-intrinsic@1.3.0 want: ^1.1.0
385 silly fetch manifest dunder-proto@^1.0.1
386 silly packumentCache full:https://registry.npmjs.org/dunder-proto cache-miss
387 http fetch GET 200 https://registry.npmjs.org/dunder-proto 533ms (cache miss)
388 silly packumentCache full:https://registry.npmjs.org/dunder-proto set size:undefined disposed:false
389 silly placeDep ROOT dunder-proto@1.0.1 OK for: get-proto@1.0.1 want: ^1.0.1
390 silly placeDep ROOT media-typer@0.3.0 OK for: type-is@1.6.18 want: 0.3.0
391 silly reify moves {}
392 silly audit bulk request {
392 silly audit   express: [ '4.22.2' ],
392 silly audit   accepts: [ '1.3.8' ],
392 silly audit   'array-flatten': [ '1.1.1' ],
392 silly audit   'body-parser': [ '1.20.6' ],
392 silly audit   'content-disposition': [ '0.5.4' ],
392 silly audit   'content-type': [ '1.0.5' ],
392 silly audit   cookie: [ '0.7.2' ],
392 silly audit   'cookie-signature': [ '1.0.7' ],
392 silly audit   debug: [ '2.6.9' ],
392 silly audit   depd: [ '2.0.0' ],
392 silly audit   encodeurl: [ '2.0.0' ],
392 silly audit   'escape-html': [ '1.0.3' ],
392 silly audit   etag: [ '1.8.1' ],
392 silly audit   finalhandler: [ '1.3.2' ],
392 silly audit   fresh: [ '0.5.2' ],
392 silly audit   'http-errors': [ '2.0.1' ],
392 silly audit   'merge-descriptors': [ '1.0.3' ],
392 silly audit   methods: [ '1.1.2' ],
392 silly audit   'on-finished': [ '2.4.1' ],
392 silly audit   parseurl: [ '1.3.3' ],
392 silly audit   'path-to-regexp': [ '0.1.13' ],
392 silly audit   'proxy-addr': [ '2.0.7' ],
392 silly audit   qs: [ '6.15.3' ],
392 silly audit   'range-parser': [ '1.2.1' ],
392 silly audit   'safe-buffer': [ '5.2.1' ],
392 silly audit   send: [ '0.19.2' ],
392 silly audit   'serve-static': [ '1.16.3' ],
392 silly audit   setprototypeof: [ '1.2.0' ],
392 silly audit   statuses: [ '2.0.2' ],
392 silly audit   'type-is': [ '1.6.18' ],
392 silly audit   'utils-merge': [ '1.0.1' ],
392 silly audit   vary: [ '1.1.2' ],
392 silly audit   'mime-types': [ '2.1.35' ],
392 silly audit   negotiator: [ '0.6.3' ],
392 silly audit   bytes: [ '3.1.2' ],
392 silly audit   destroy: [ '1.2.0' ],
392 silly audit   'iconv-lite': [ '0.4.24' ],
392 silly audit   'raw-body': [ '2.5.3' ],
392 silly audit   unpipe: [ '1.0.0' ],
392 silly audit   ms: [ '2.0.0', '2.1.3' ],
392 silly audit   inherits: [ '2.0.4' ],
392 silly audit   toidentifier: [ '1.0.1' ],
392 silly audit   'safer-buffer': [ '2.1.2' ],
392 silly audit   'mime-db': [ '1.52.0' ],
392 silly audit   'ee-first': [ '1.1.1' ],
392 silly audit   forwarded: [ '0.2.0' ],
392 silly audit   'ipaddr.js': [ '1.9.1' ],
392 silly audit   'es-define-property': [ '1.0.1' ],
392 silly audit   'side-channel': [ '1.1.1' ],
392 silly audit   mime: [ '1.6.0' ],
392 silly audit   'es-errors': [ '1.3.0' ],
392 silly audit   'object-inspect': [ '1.13.4' ],
392 silly audit   'side-channel-list': [ '1.0.1' ],
392 silly audit   'side-channel-map': [ '1.0.1' ],
392 silly audit   'side-channel-weakmap': [ '1.0.2' ],
392 silly audit   'call-bound': [ '1.0.4' ],
392 silly audit   'get-intrinsic': [ '1.3.0' ],
392 silly audit   'call-bind-apply-helpers': [ '1.0.2' ],
392 silly audit   'function-bind': [ '1.1.2' ],
392 silly audit   'es-object-atoms': [ '1.1.2' ],
392 silly audit   'get-proto': [ '1.0.1' ],
392 silly audit   gopd: [ '1.2.0' ],
392 silly audit   'has-symbols': [ '1.1.0' ],
392 silly audit   hasown: [ '2.0.4' ],
392 silly audit   'math-intrinsics': [ '1.1.0' ],
392 silly audit   'dunder-proto': [ '1.0.1' ],
392 silly audit   'media-typer': [ '0.3.0' ]
392 silly audit }
393 http cache media-typer@https://registry.npmjs.org/media-typer/-/media-typer-0.3.0.tgz 1ms (cache hit)
394 http cache dunder-proto@https://registry.npmjs.org/dunder-proto/-/dunder-proto-1.0.1.tgz 0ms (cache hit)
395 http cache hasown@https://registry.npmjs.org/hasown/-/hasown-2.0.4.tgz 0ms (cache hit)
396 http cache gopd@https://registry.npmjs.org/gopd/-/gopd-1.2.0.tgz 0ms (cache hit)
397 http cache has-symbols@https://registry.npmjs.org/has-symbols/-/has-symbols-1.1.0.tgz 0ms (cache hit)
398 http cache get-proto@https://registry.npmjs.org/get-proto/-/get-proto-1.0.1.tgz 0ms (cache hit)
399 http cache math-intrinsics@https://registry.npmjs.org/math-intrinsics/-/math-intrinsics-1.1.0.tgz 0ms (cache hit)
400 http cache es-object-atoms@https://registry.npmjs.org/es-object-atoms/-/es-object-atoms-1.1.2.tgz 0ms (cache hit)
401 http cache function-bind@https://registry.npmjs.org/function-bind/-/function-bind-1.1.2.tgz 0ms (cache hit)
402 http cache call-bind-apply-helpers@https://registry.npmjs.org/call-bind-apply-helpers/-/call-bind-apply-helpers-1.0.2.tgz 0ms (cache hit)
403 http cache get-intrinsic@https://registry.npmjs.org/get-intrinsic/-/get-intrinsic-1.3.0.tgz 0ms (cache hit)
404 http cache call-bound@https://registry.npmjs.org/call-bound/-/call-bound-1.0.4.tgz 1ms (cache hit)
405 http cache side-channel-weakmap@https://registry.npmjs.org/side-channel-weakmap/-/side-channel-weakmap-1.0.2.tgz 0ms (cache hit)
406 http cache side-channel-map@https://registry.npmjs.org/side-channel-map/-/side-channel-map-1.0.1.tgz 0ms (cache hit)
407 http cache side-channel-list@https://registry.npmjs.org/side-channel-list/-/side-channel-list-1.0.1.tgz 0ms (cache hit)
408 http cache object-inspect@https://registry.npmjs.org/object-inspect/-/object-inspect-1.13.4.tgz 0ms (cache hit)
409 http cache es-errors@https://registry.npmjs.org/es-errors/-/es-errors-1.3.0.tgz 0ms (cache hit)
410 http cache mime@https://registry.npmjs.org/mime/-/mime-1.6.0.tgz 1ms (cache hit)
411 http cache side-channel@https://registry.npmjs.org/side-channel/-/side-channel-1.1.1.tgz 0ms (cache hit)
412 http cache es-define-property@https://registry.npmjs.org/es-define-property/-/es-define-property-1.0.1.tgz 1ms (cache hit)
413 http cache ipaddr.js@https://registry.npmjs.org/ipaddr.js/-/ipaddr.js-1.9.1.tgz 0ms (cache hit)
414 http cache forwarded@https://registry.npmjs.org/forwarded/-/forwarded-0.2.0.tgz 0ms (cache hit)
415 http cache ee-first@https://registry.npmjs.org/ee-first/-/ee-first-1.1.1.tgz 0ms (cache hit)
416 http cache mime-db@https://registry.npmjs.org/mime-db/-/mime-db-1.52.0.tgz 1ms (cache hit)
417 http cache safer-buffer@https://registry.npmjs.org/safer-buffer/-/safer-buffer-2.1.2.tgz 1ms (cache hit)
418 http cache toidentifier@https://registry.npmjs.org/toidentifier/-/toidentifier-1.0.1.tgz 0ms (cache hit)
419 http cache inherits@https://registry.npmjs.org/inherits/-/inherits-2.0.4.tgz 0ms (cache hit)
420 http cache ms@https://registry.npmjs.org/ms/-/ms-2.0.0.tgz 0ms (cache hit)
421 http cache unpipe@https://registry.npmjs.org/unpipe/-/unpipe-1.0.0.tgz 1ms (cache hit)
422 http cache raw-body@https://registry.npmjs.org/raw-body/-/raw-body-2.5.3.tgz 0ms (cache hit)
423 http cache iconv-lite@https://registry.npmjs.org/iconv-lite/-/iconv-lite-0.4.24.tgz 0ms (cache hit)
424 http cache destroy@https://registry.npmjs.org/destroy/-/destroy-1.2.0.tgz 0ms (cache hit)
425 http cache bytes@https://registry.npmjs.org/bytes/-/bytes-3.1.2.tgz 0ms (cache hit)
426 http cache mime-types@https://registry.npmjs.org/mime-types/-/mime-types-2.1.35.tgz 0ms (cache hit)
427 http cache vary@https://registry.npmjs.org/vary/-/vary-1.1.2.tgz 0ms (cache hit)
428 http cache negotiator@https://registry.npmjs.org/negotiator/-/negotiator-0.6.3.tgz 0ms (cache hit)
429 http cache utils-merge@https://registry.npmjs.org/utils-merge/-/utils-merge-1.0.1.tgz 0ms (cache hit)
430 http cache type-is@https://registry.npmjs.org/type-is/-/type-is-1.6.18.tgz 0ms (cache hit)
431 http cache statuses@https://registry.npmjs.org/statuses/-/statuses-2.0.2.tgz 0ms (cache hit)
432 http cache setprototypeof@https://registry.npmjs.org/setprototypeof/-/setprototypeof-1.2.0.tgz 0ms (cache hit)
433 http cache send@https://registry.npmjs.org/send/-/send-0.19.2.tgz 0ms (cache hit)
434 http cache serve-static@https://registry.npmjs.org/serve-static/-/serve-static-1.16.3.tgz 0ms (cache hit)
435 http cache qs@https://registry.npmjs.org/qs/-/qs-6.15.3.tgz 0ms (cache hit)
436 http cache range-parser@https://registry.npmjs.org/range-parser/-/range-parser-1.2.1.tgz 0ms (cache hit)
437 http cache safe-buffer@https://registry.npmjs.org/safe-buffer/-/safe-buffer-5.2.1.tgz 0ms (cache hit)
438 http cache proxy-addr@https://registry.npmjs.org/proxy-addr/-/proxy-addr-2.0.7.tgz 0ms (cache hit)
439 http cache path-to-regexp@https://registry.npmjs.org/path-to-regexp/-/path-to-regexp-0.1.13.tgz 0ms (cache hit)
440 http cache parseurl@https://registry.npmjs.org/parseurl/-/parseurl-1.3.3.tgz 0ms (cache hit)
441 http cache on-finished@https://registry.npmjs.org/on-finished/-/on-finished-2.4.1.tgz 0ms (cache hit)
442 http cache methods@https://registry.npmjs.org/methods/-/methods-1.1.2.tgz 0ms (cache hit)
443 http cache merge-descriptors@https://registry.npmjs.org/merge-descriptors/-/merge-descriptors-1.0.3.tgz 0ms (cache hit)
444 http cache http-errors@https://registry.npmjs.org/http-errors/-/http-errors-2.0.1.tgz 0ms (cache hit)
445 http cache fresh@https://registry.npmjs.org/fresh/-/fresh-0.5.2.tgz 0ms (cache hit)
446 http cache finalhandler@https://registry.npmjs.org/finalhandler/-/finalhandler-1.3.2.tgz 0ms (cache hit)
447 http cache etag@https://registry.npmjs.org/etag/-/etag-1.8.1.tgz 0ms (cache hit)
448 http cache escape-html@https://registry.npmjs.org/escape-html/-/escape-html-1.0.3.tgz 0ms (cache hit)
449 http cache encodeurl@https://registry.npmjs.org/encodeurl/-/encodeurl-2.0.0.tgz 0ms (cache hit)
450 http cache depd@https://registry.npmjs.org/depd/-/depd-2.0.0.tgz 0ms (cache hit)
451 http cache debug@https://registry.npmjs.org/debug/-/debug-2.6.9.tgz 0ms (cache hit)
452 http cache cookie-signature@https://registry.npmjs.org/cookie-signature/-/cookie-signature-1.0.7.tgz 0ms (cache hit)
453 http cache content-type@https://registry.npmjs.org/content-type/-/content-type-1.0.5.tgz 0ms (cache hit)
454 http cache cookie@https://registry.npmjs.org/cookie/-/cookie-0.7.2.tgz 0ms (cache hit)
455 http cache content-disposition@https://registry.npmjs.org/content-disposition/-/content-disposition-0.5.4.tgz 1ms (cache hit)
456 http cache body-parser@https://registry.npmjs.org/body-parser/-/body-parser-1.20.6.tgz 0ms (cache hit)
457 http cache array-flatten@https://registry.npmjs.org/array-flatten/-/array-flatten-1.1.1.tgz 1ms (cache hit)
458 http cache accepts@https://registry.npmjs.org/accepts/-/accepts-1.3.8.tgz 0ms (cache hit)
459 http cache express@https://registry.npmjs.org/express/-/express-4.22.2.tgz 1ms (cache hit)
460 http cache ms@https://registry.npmjs.org/ms/-/ms-2.1.3.tgz 0ms (cache hit)
461 silly tarball no local data for media-typer@https://registry.npmjs.org/media-typer/-/media-typer-0.3.0.tgz. Extracting by manifest.
462 silly tarball no local data for dunder-proto@https://registry.npmjs.org/dunder-proto/-/dunder-proto-1.0.1.tgz. Extracting by manifest.
463 silly tarball no local data for hasown@https://registry.npmjs.org/hasown/-/hasown-2.0.4.tgz. Extracting by manifest.
464 silly tarball no local data for gopd@https://registry.npmjs.org/gopd/-/gopd-1.2.0.tgz. Extracting by manifest.
465 silly tarball no local data for has-symbols@https://registry.npmjs.org/has-symbols/-/has-symbols-1.1.0.tgz. Extracting by manifest.
466 silly tarball no local data for get-proto@https://registry.npmjs.org/get-proto/-/get-proto-1.0.1.tgz. Extracting by manifest.
467 silly tarball no local data for math-intrinsics@https://registry.npmjs.org/math-intrinsics/-/math-intrinsics-1.1.0.tgz. Extracting by manifest.
468 silly tarball no local data for es-object-atoms@https://registry.npmjs.org/es-object-atoms/-/es-object-atoms-1.1.2.tgz. Extracting by manifest.
469 silly tarball no local data for function-bind@https://registry.npmjs.org/function-bind/-/function-bind-1.1.2.tgz. Extracting by manifest.
470 silly tarball no local data for call-bind-apply-helpers@https://registry.npmjs.org/call-bind-apply-helpers/-/call-bind-apply-helpers-1.0.2.tgz. Extracting by manifest.
471 silly tarball no local data for get-intrinsic@https://registry.npmjs.org/get-intrinsic/-/get-intrinsic-1.3.0.tgz. Extracting by manifest.
472 silly tarball no local data for call-bound@https://registry.npmjs.org/call-bound/-/call-bound-1.0.4.tgz. Extracting by manifest.
473 silly tarball no local data for side-channel-weakmap@https://registry.npmjs.org/side-channel-weakmap/-/side-channel-weakmap-1.0.2.tgz. Extracting by manifest.
474 silly tarball no local data for side-channel-map@https://registry.npmjs.org/side-channel-map/-/side-channel-map-1.0.1.tgz. Extracting by manifest.
475 silly tarball no local data for side-channel-list@https://registry.npmjs.org/side-channel-list/-/side-channel-list-1.0.1.tgz. Extracting by manifest.
476 silly tarball no local data for object-inspect@https://registry.npmjs.org/object-inspect/-/object-inspect-1.13.4.tgz. Extracting by manifest.
477 silly tarball no local data for es-errors@https://registry.npmjs.org/es-errors/-/es-errors-1.3.0.tgz. Extracting by manifest.
478 silly tarball no local data for mime@https://registry.npmjs.org/mime/-/mime-1.6.0.tgz. Extracting by manifest.
479 silly tarball no local data for side-channel@https://registry.npmjs.org/side-channel/-/side-channel-1.1.1.tgz. Extracting by manifest.
480 silly tarball no local data for es-define-property@https://registry.npmjs.org/es-define-property/-/es-define-property-1.0.1.tgz. Extracting by manifest.
481 silly tarball no local data for ipaddr.js@https://registry.npmjs.org/ipaddr.js/-/ipaddr.js-1.9.1.tgz. Extracting by manifest.
482 silly tarball no local data for forwarded@https://registry.npmjs.org/forwarded/-/forwarded-0.2.0.tgz. Extracting by manifest.
483 silly tarball no local data for ee-first@https://registry.npmjs.org/ee-first/-/ee-first-1.1.1.tgz. Extracting by manifest.
484 silly tarball no local data for mime-db@https://registry.npmjs.org/mime-db/-/mime-db-1.52.0.tgz. Extracting by manifest.
485 silly tarball no local data for safer-buffer@https://registry.npmjs.org/safer-buffer/-/safer-buffer-2.1.2.tgz. Extracting by manifest.
486 silly tarball no local data for toidentifier@https://registry.npmjs.org/toidentifier/-/toidentifier-1.0.1.tgz. Extracting by manifest.
487 silly tarball no local data for inherits@https://registry.npmjs.org/inherits/-/inherits-2.0.4.tgz. Extracting by manifest.
488 silly tarball no local data for ms@https://registry.npmjs.org/ms/-/ms-2.0.0.tgz. Extracting by manifest.
489 silly tarball no local data for unpipe@https://registry.npmjs.org/unpipe/-/unpipe-1.0.0.tgz. Extracting by manifest.
490 silly tarball no local data for raw-body@https://registry.npmjs.org/raw-body/-/raw-body-2.5.3.tgz. Extracting by manifest.
491 silly tarball no local data for iconv-lite@https://registry.npmjs.org/iconv-lite/-/iconv-lite-0.4.24.tgz. Extracting by manifest.
492 silly tarball no local data for destroy@https://registry.npmjs.org/destroy/-/destroy-1.2.0.tgz. Extracting by manifest.
493 silly tarball no local data for bytes@https://registry.npmjs.org/bytes/-/bytes-3.1.2.tgz. Extracting by manifest.
494 silly tarball no local data for mime-types@https://registry.npmjs.org/mime-types/-/mime-types-2.1.35.tgz. Extracting by manifest.
495 silly tarball no local data for vary@https://registry.npmjs.org/vary/-/vary-1.1.2.tgz. Extracting by manifest.
496 silly tarball no local data for negotiator@https://registry.npmjs.org/negotiator/-/negotiator-0.6.3.tgz. Extracting by manifest.
497 silly tarball no local data for utils-merge@https://registry.npmjs.org/utils-merge/-/utils-merge-1.0.1.tgz. Extracting by manifest.
498 silly tarball no local data for type-is@https://registry.npmjs.org/type-is/-/type-is-1.6.18.tgz. Extracting by manifest.
499 silly tarball no local data for statuses@https://registry.npmjs.org/statuses/-/statuses-2.0.2.tgz. Extracting by manifest.
500 silly tarball no local data for setprototypeof@https://registry.npmjs.org/setprototypeof/-/setprototypeof-1.2.0.tgz. Extracting by manifest.
501 silly tarball no local data for send@https://registry.npmjs.org/send/-/send-0.19.2.tgz. Extracting by manifest.
502 silly tarball no local data for serve-static@https://registry.npmjs.org/serve-static/-/serve-static-1.16.3.tgz. Extracting by manifest.
503 silly tarball no local data for qs@https://registry.npmjs.org/qs/-/qs-6.15.3.tgz. Extracting by manifest.
504 silly tarball no local data for range-parser@https://registry.npmjs.org/range-parser/-/range-parser-1.2.1.tgz. Extracting by manifest.
505 silly tarball no local data for safe-buffer@https://registry.npmjs.org/safe-buffer/-/safe-buffer-5.2.1.tgz. Extracting by manifest.
506 silly tarball no local data for proxy-addr@https://registry.npmjs.org/proxy-addr/-/proxy-addr-2.0.7.tgz. Extracting by manifest.
507 silly tarball no local data for path-to-regexp@https://registry.npmjs.org/path-to-regexp/-/path-to-regexp-0.1.13.tgz. Extracting by manifest.
508 silly tarball no local data for parseurl@https://registry.npmjs.org/parseurl/-/parseurl-1.3.3.tgz. Extracting by manifest.
509 silly tarball no local data for on-finished@https://registry.npmjs.org/on-finished/-/on-finished-2.4.1.tgz. Extracting by manifest.
510 silly tarball no local data for methods@https://registry.npmjs.org/methods/-/methods-1.1.2.tgz. Extracting by manifest.
511 silly tarball no local data for merge-descriptors@https://registry.npmjs.org/merge-descriptors/-/merge-descriptors-1.0.3.tgz. Extracting by manifest.
512 silly tarball no local data for http-errors@https://registry.npmjs.org/http-errors/-/http-errors-2.0.1.tgz. Extracting by manifest.
513 silly tarball no local data for fresh@https://registry.npmjs.org/fresh/-/fresh-0.5.2.tgz. Extracting by manifest.
514 silly tarball no local data for finalhandler@https://registry.npmjs.org/finalhandler/-/finalhandler-1.3.2.tgz. Extracting by manifest.
515 silly tarball no local data for etag@https://registry.npmjs.org/etag/-/etag-1.8.1.tgz. Extracting by manifest.
516 silly tarball no local data for escape-html@https://registry.npmjs.org/escape-html/-/escape-html-1.0.3.tgz. Extracting by manifest.
517 silly tarball no local data for encodeurl@https://registry.npmjs.org/encodeurl/-/encodeurl-2.0.0.tgz. Extracting by manifest.
518 silly tarball no local data for depd@https://registry.npmjs.org/depd/-/depd-2.0.0.tgz. Extracting by manifest.
519 silly tarball no local data for debug@https://registry.npmjs.org/debug/-/debug-2.6.9.tgz. Extracting by manifest.
520 silly tarball no local data for cookie-signature@https://registry.npmjs.org/cookie-signature/-/cookie-signature-1.0.7.tgz. Extracting by manifest.
521 silly tarball no local data for content-type@https://registry.npmjs.org/content-type/-/content-type-1.0.5.tgz. Extracting by manifest.
522 silly tarball no local data for cookie@https://registry.npmjs.org/cookie/-/cookie-0.7.2.tgz. Extracting by manifest.
523 silly tarball no local data for content-disposition@https://registry.npmjs.org/content-disposition/-/content-disposition-0.5.4.tgz. Extracting by manifest.
524 silly tarball no local data for body-parser@https://registry.npmjs.org/body-parser/-/body-parser-1.20.6.tgz. Extracting by manifest.
525 silly tarball no local data for array-flatten@https://registry.npmjs.org/array-flatten/-/array-flatten-1.1.1.tgz. Extracting by manifest.
526 silly tarball no local data for accepts@https://registry.npmjs.org/accepts/-/accepts-1.3.8.tgz. Extracting by manifest.
527 silly tarball no local data for express@https://registry.npmjs.org/express/-/express-4.22.2.tgz. Extracting by manifest.
528 silly tarball no local data for ms@https://registry.npmjs.org/ms/-/ms-2.1.3.tgz. Extracting by manifest.
529 http fetch POST 200 https://registry.npmjs.org/-/npm/v1/security/advisories/bulk 1474ms
530 silly audit report {}
531 http fetch GET 200 https://registry.npmjs.org/media-typer/-/media-typer-0.3.0.tgz 1025ms (cache miss)
532 http fetch GET 200 https://registry.npmjs.org/dunder-proto/-/dunder-proto-1.0.1.tgz 1359ms (cache miss)
533 http fetch GET 200 https://registry.npmjs.org/gopd/-/gopd-1.2.0.tgz 1750ms (cache miss)
534 http fetch GET 200 https://registry.npmjs.org/has-symbols/-/has-symbols-1.1.0.tgz 1764ms (cache miss)
535 http fetch GET 200 https://registry.npmjs.org/function-bind/-/function-bind-1.1.2.tgz 2276ms (cache miss)
536 http fetch GET 200 https://registry.npmjs.org/es-errors/-/es-errors-1.3.0.tgz 2276ms (cache miss)
537 http fetch GET 200 https://registry.npmjs.org/es-define-property/-/es-define-property-1.0.1.tgz 2398ms (cache miss)
538 http fetch GET 200 https://registry.npmjs.org/forwarded/-/forwarded-0.2.0.tgz 2422ms (cache miss)
539 http fetch GET 200 https://registry.npmjs.org/toidentifier/-/toidentifier-1.0.1.tgz 2513ms (cache miss)
540 http fetch GET 200 https://registry.npmjs.org/ee-first/-/ee-first-1.1.1.tgz 2552ms (cache miss)
541 http fetch GET 200 https://registry.npmjs.org/side-channel-list/-/side-channel-list-1.0.1.tgz 2602ms (cache miss)
542 http fetch GET 200 https://registry.npmjs.org/mime-db/-/mime-db-1.52.0.tgz 2573ms (cache miss)
543 http fetch GET 200 https://registry.npmjs.org/inherits/-/inherits-2.0.4.tgz 2559ms (cache miss)
544 http fetch GET 200 https://registry.npmjs.org/ms/-/ms-2.0.0.tgz 2615ms (cache miss)
545 http fetch GET 200 https://registry.npmjs.org/side-channel-map/-/side-channel-map-1.0.1.tgz 2708ms (cache miss)
546 http fetch GET 200 https://registry.npmjs.org/unpipe/-/unpipe-1.0.0.tgz 2633ms (cache miss)
547 http fetch GET 200 https://registry.npmjs.org/destroy/-/destroy-1.2.0.tgz 2620ms (cache miss)
548 http fetch GET 200 https://registry.npmjs.org/side-channel/-/side-channel-1.1.1.tgz 2711ms (cache miss)
549 http fetch GET 200 https://registry.npmjs.org/raw-body/-/raw-body-2.5.3.tgz 2655ms (cache miss)
550 http fetch GET 200 https://registry.npmjs.org/ipaddr.js/-/ipaddr.js-1.9.1.tgz 2761ms (cache miss)
551 http fetch GET 200 https://registry.npmjs.org/bytes/-/bytes-3.1.2.tgz 2709ms (cache miss)
552 http fetch GET 200 https://registry.npmjs.org/safer-buffer/-/safer-buffer-2.1.2.tgz 2758ms (cache miss)
553 http fetch GET 200 https://registry.npmjs.org/es-object-atoms/-/es-object-atoms-1.1.2.tgz 2854ms (cache miss)
554 http fetch GET 200 https://registry.npmjs.org/setprototypeof/-/setprototypeof-1.2.0.tgz 2683ms (cache miss)
555 http fetch GET 200 https://registry.npmjs.org/vary/-/vary-1.1.2.tgz 2772ms (cache miss)
556 http fetch GET 200 https://registry.npmjs.org/call-bound/-/call-bound-1.0.4.tgz 2902ms (cache miss)
557 http fetch GET 200 https://registry.npmjs.org/mime/-/mime-1.6.0.tgz 2891ms (cache miss)
558 http fetch GET 200 https://registry.npmjs.org/utils-merge/-/utils-merge-1.0.1.tgz 2794ms (cache miss)
559 http fetch GET 200 https://registry.npmjs.org/negotiator/-/negotiator-0.6.3.tgz 2845ms (cache miss)
560 http fetch GET 200 https://registry.npmjs.org/statuses/-/statuses-2.0.2.tgz 2881ms (cache miss)
561 http fetch GET 200 https://registry.npmjs.org/path-to-regexp/-/path-to-regexp-0.1.13.tgz 2841ms (cache miss)
562 http fetch GET 200 https://registry.npmjs.org/safe-buffer/-/safe-buffer-5.2.1.tgz 2886ms (cache miss)
563 http fetch GET 200 https://registry.npmjs.org/serve-static/-/serve-static-1.16.3.tgz 2912ms (cache miss)
564 http fetch GET 200 https://registry.npmjs.org/hasown/-/hasown-2.0.4.tgz 3129ms (cache miss)
565 http fetch GET 200 https://registry.npmjs.org/parseurl/-/parseurl-1.3.3.tgz 2893ms (cache miss)
566 http fetch GET 200 https://registry.npmjs.org/methods/-/methods-1.1.2.tgz 2884ms (cache miss)
567 http fetch GET 200 https://registry.npmjs.org/send/-/send-0.19.2.tgz 2957ms (cache miss)
568 http fetch GET 200 https://registry.npmjs.org/merge-descriptors/-/merge-descriptors-1.0.3.tgz 2921ms (cache miss)
569 http fetch GET 200 https://registry.npmjs.org/on-finished/-/on-finished-2.4.1.tgz 3055ms (cache miss)
570 http fetch GET 200 https://registry.npmjs.org/fresh/-/fresh-0.5.2.tgz 3069ms (cache miss)
571 http fetch GET 200 https://registry.npmjs.org/range-parser/-/range-parser-1.2.1.tgz 3122ms (cache miss)
572 http fetch GET 200 https://registry.npmjs.org/finalhandler/-/finalhandler-1.3.2.tgz 3091ms (cache miss)
573 http fetch GET 200 https://registry.npmjs.org/etag/-/etag-1.8.1.tgz 3100ms (cache miss)
574 http fetch GET 200 https://registry.npmjs.org/object-inspect/-/object-inspect-1.13.4.tgz 3331ms (cache miss)
575 http fetch GET 200 https://registry.npmjs.org/mime-types/-/mime-types-2.1.35.tgz 3235ms (cache miss)
576 http fetch GET 200 https://registry.npmjs.org/encodeurl/-/encodeurl-2.0.0.tgz 3183ms (cache miss)
577 http fetch GET 200 https://registry.npmjs.org/cookie-signature/-/cookie-signature-1.0.7.tgz 3171ms (cache miss)
578 http fetch GET 200 https://registry.npmjs.org/proxy-addr/-/proxy-addr-2.0.7.tgz 3281ms (cache miss)
579 http fetch GET 200 https://registry.npmjs.org/content-type/-/content-type-1.0.5.tgz 3224ms (cache miss)
580 http fetch GET 200 https://registry.npmjs.org/depd/-/depd-2.0.0.tgz 3316ms (cache miss)
581 http fetch GET 200 https://registry.npmjs.org/side-channel-weakmap/-/side-channel-weakmap-1.0.2.tgz 3580ms (cache miss)
582 http fetch GET 200 https://registry.npmjs.org/get-intrinsic/-/get-intrinsic-1.3.0.tgz 3602ms (cache miss)
583 http fetch GET 200 https://registry.npmjs.org/type-is/-/type-is-1.6.18.tgz 3482ms (cache miss)
584 http fetch GET 200 https://registry.npmjs.org/array-flatten/-/array-flatten-1.1.1.tgz 3340ms (cache miss)
585 http fetch GET 200 https://registry.npmjs.org/qs/-/qs-6.15.3.tgz 3516ms (cache miss)
586 http fetch GET 200 https://registry.npmjs.org/debug/-/debug-2.6.9.tgz 3525ms (cache miss)
587 http fetch GET 200 https://registry.npmjs.org/cookie/-/cookie-0.7.2.tgz 3544ms (cache miss)
588 http fetch GET 200 https://registry.npmjs.org/http-errors/-/http-errors-2.0.1.tgz 3757ms (cache miss)
589 http fetch GET 200 https://registry.npmjs.org/escape-html/-/escape-html-1.0.3.tgz 3811ms (cache miss)
590 http fetch GET 200 https://registry.npmjs.org/accepts/-/accepts-1.3.8.tgz 3840ms (cache miss)
591 http fetch GET 200 https://registry.npmjs.org/math-intrinsics/-/math-intrinsics-1.1.0.tgz 4194ms (cache miss)
592 http fetch GET 200 https://registry.npmjs.org/express/-/express-4.22.2.tgz 3871ms (cache miss)
593 http fetch GET 200 https://registry.npmjs.org/iconv-lite/-/iconv-lite-0.4.24.tgz 4090ms (cache miss)
594 http fetch GET 200 https://registry.npmjs.org/content-disposition/-/content-disposition-0.5.4.tgz 4018ms (cache miss)
595 http fetch GET 200 https://registry.npmjs.org/body-parser/-/body-parser-1.20.6.tgz 4021ms (cache miss)
596 http fetch GET 200 https://registry.npmjs.org/call-bind-apply-helpers/-/call-bind-apply-helpers-1.0.2.tgz 4446ms (cache miss)
597 http fetch GET 200 https://registry.npmjs.org/get-proto/-/get-proto-1.0.1.tgz 4865ms (cache miss)
598 http fetch GET 200 https://registry.npmjs.org/ms/-/ms-2.1.3.tgz 5707ms (cache miss)
599 silly ADD node_modules/media-typer
600 silly ADD node_modules/dunder-proto
601 silly ADD node_modules/math-intrinsics
602 silly ADD node_modules/hasown
603 silly ADD node_modules/has-symbols
604 silly ADD node_modules/gopd
605 silly ADD node_modules/get-proto
606 silly ADD node_modules/es-object-atoms
607 silly ADD node_modules/function-bind
608 silly ADD node_modules/call-bind-apply-helpers
609 silly ADD node_modules/get-intrinsic
610 silly ADD node_modules/call-bound
611 silly ADD node_modules/side-channel-weakmap
612 silly ADD node_modules/side-channel-map
613 silly ADD node_modules/side-channel-list
614 silly ADD node_modules/object-inspect
615 silly ADD node_modules/es-errors
616 silly ADD node_modules/mime
617 silly ADD node_modules/side-channel
618 silly ADD node_modules/es-define-property
619 silly ADD node_modules/ipaddr.js
620 silly ADD node_modules/forwarded
621 silly ADD node_modules/ee-first
622 silly ADD node_modules/mime-db
623 silly ADD node_modules/safer-buffer
624 silly ADD node_modules/toidentifier
625 silly ADD node_modules/inherits
626 silly ADD node_modules/ms
627 silly ADD node_modules/unpipe
628 silly ADD node_modules/raw-body
629 silly ADD node_modules/iconv-lite
630 silly ADD node_modules/destroy
631 silly ADD node_modules/bytes
632 silly ADD node_modules/negotiator
633 silly ADD node_modules/mime-types
634 silly ADD node_modules/vary
635 silly ADD node_modules/utils-merge
636 silly ADD node_modules/type-is
637 silly ADD node_modules/statuses
638 silly ADD node_modules/setprototypeof
639 silly ADD node_modules/serve-static
640 silly ADD node_modules/send
641 silly ADD node_modules/send/node_modules/ms
642 silly ADD node_modules/safe-buffer
643 silly ADD node_modules/range-parser
644 silly ADD node_modules/qs
645 silly ADD node_modules/proxy-addr
646 silly ADD node_modules/path-to-regexp
647 silly ADD node_modules/parseurl
648 silly ADD node_modules/on-finished
649 silly ADD node_modules/methods
650 silly ADD node_modules/merge-descriptors
651 silly ADD node_modules/http-errors
652 silly ADD node_modules/fresh
653 silly ADD node_modules/finalhandler
654 silly ADD node_modules/etag
655 silly ADD node_modules/escape-html
656 silly ADD node_modules/encodeurl
657 silly ADD node_modules/depd
658 silly ADD node_modules/debug
659 silly ADD node_modules/cookie-signature
660 silly ADD node_modules/cookie
661 silly ADD node_modules/content-type
662 silly ADD node_modules/content-disposition
663 silly ADD node_modules/body-parser
664 silly ADD node_modules/array-flatten
665 silly ADD node_modules/accepts
666 silly ADD node_modules/express
667 verbose cwd /data/data/com.termux/files/home/NEXUS-VOID
668 verbose os Linux 4.9.227-perf+
669 verbose node v26.3.1
670 verbose npm  v11.17.0
671 notice
671 notice New [31mmajor[39m version of npm available! [31m11.17.0[39m -> [34m12.0.2[39m
671 notice Changelog: [34mhttps://github.com/npm/cli/releases/tag/v12.0.2[39m
671 notice To update run: [4mnpm install -g npm@12.0.2[24m
671 notice  { force: true, Symbol(proc-log.meta): true }
672 verbose exit 0
673 info ok
